<testsuites id="" name="" tests="1" failures="1" skipped="0" errors="0" time="13.87208">
<testsuite name="SuperAdminTest\DriverTest.spec.js" timestamp="2025-11-24T07:26:42.161Z" hostname="chromium" tests="1" failures="1" skipped="0" time="5.09" errors="0">
<testcase name="TS03 › TC026 - Verify user can set driver time without Standard shift" classname="SuperAdminTest\DriverTest.spec.js" time="5.09">
<failure message="DriverTest.spec.js:536:6 TC026 - Verify user can set driver time without Standard shift" type="FAILURE">
<![CDATA[  [chromium] › SuperAdminTest\DriverTest.spec.js:536:6 › TS03 › TC026 - Verify user can set driver time without Standard shift 

    Error: page.waitForTimeout: Target page, context or browser has been closed

       at ..\SuperAdminPages\DriverPage.js:81

      79 |     {    
      80 |         await this.AddDriverBox.click()
    > 81 |         await this.page.waitForTimeout(2000)
         |                         ^
      82 |     }
      83 |
      84 |     async CloseAddDriver()
        at DriverPage.OpenAddDriver (C:\Users\JV\Desktop\Auto Planner Automation\AutoPlanner\SuperAdminPages\DriverPage.js:81:25)
        at C:\Users\JV\Desktop\Auto Planner Automation\AutoPlanner\tests\SuperAdminTest\DriverTest.spec.js:543:5
]]>
</failure>
</testcase>
</testsuite>
</testsuites>